[DATA_POINT]
1="tcp_connect"
2="tcp_connection_count"
3="mic_recv"
4="HTTP_200"
5="mic_pgs"
6="tcp_shutdown"
7="RETRY_KEEP_ALIVE"
[END_TRANSACTION]
10="http://192.168.43.194:8080/educationalsystemstudent/image/orange.png"
11="login_Action_20"
12="login"
13="http://192.168.43.194:8080/educationalsystemstudent/optional"
14="http://192.168.43.194:8080/educationalsystemstudent/css/course.css"
15="选课_Action_40"
16="Action_Transaction"
17="vuser_end_Transaction"
1="vuser_init_Transaction"
2="http://192.168.43.194:8080/educationalsystemstudent/login.jsp"
3="http://192.168.43.194:8080/educationalsystemstudent/image/bg4.jpg"
4="http://192.168.43.194:8080/educationalsystemstudent/css/login.css"
5="login.jsp_Action_4"
6="http://192.168.43.194:8080/educationalsystemstudent/login?username=2016011678&password=123456cs&role=student"
7="http://192.168.43.194:8080/educationalsystemstudent/css/schedule.css"
8="http://192.168.43.194:8080/educationalsystemstudent/image/blue.png"
9="http://192.168.43.194:8080/educationalsystemstudent/css/layout.css"
